com.cb.recipe.handler.RecipeHandlerTest.givenTwoValidFiles_whenGetRecipes_thenExpectRecipeList=[
  [
    {
      "id": 123,
      "title": "Recipe 985",
      "image": "https://example.com/image985.jpg",
      "imageType": "jpg",
      "likes": 88,
      "missedIngredientCount": 2,
      "missedIngredients": [
        {
          "id": 360,
          "name": "Ingredient 360",
          "amount": 8.48296889908355,
          "unit": "cup",
          "image": "https://example.com/ingredient360.jpg"
        },
        {
          "id": 985,
          "name": "Ingredient 985",
          "amount": 1.9042589469362396,
          "unit": "g",
          "image": "https://example.com/ingredient985.jpg"
        }
      ],
      "usedIngredientCount": 3,
      "usedIngredients": [
        {
          "id": 360,
          "name": "Ingredient 360",
          "amount": 8.48296889908355,
          "unit": "cup",
          "image": "https://example.com/ingredient360.jpg"
        },
        {
          "id": 985,
          "name": "Ingredient 985",
          "amount": 1.9042589469362396,
          "unit": "g",
          "image": "https://example.com/ingredient985.jpg"
        },
        {
          "id": 108,
          "name": "Ingredient 108",
          "amount": 3.6403890715990754,
          "unit": "cup",
          "image": "https://example.com/ingredient108.jpg"
        }
      ],
      "readyInMinutes": 48,
      "vegan": false,
      "vegetarian": false,
      "glutenFree": false,
      "servings": 5
    },
    {
      "id": 321,
      "title": "Recipe 108",
      "image": "https://example.com/image108.jpg",
      "imageType": "jpg",
      "likes": 72,
      "missedIngredientCount": 0,
      "missedIngredients": [ ],
      "usedIngredientCount": 2,
      "usedIngredients": [
        {
          "id": 360,
          "name": "Ingredient 360",
          "amount": 8.48296889908355,
          "unit": "cup",
          "image": "https://example.com/ingredient360.jpg"
        },
        {
          "id": 985,
          "name": "Ingredient 985",
          "amount": 1.9042589469362396,
          "unit": "g",
          "image": "https://example.com/ingredient985.jpg"
        }
      ],
      "readyInMinutes": 32,
      "vegan": true,
      "vegetarian": false,
      "glutenFree": false,
      "servings": 1
    }
  ]
]


com.cb.recipe.handler.RecipeHandlerTest.givenValidFile_whenGetRecipes_thenExpectRecipeList=[
  [
    {
      "id": 123,
      "title": "Recipe 985",
      "image": "https://example.com/image985.jpg",
      "imageType": "jpg",
      "likes": 88,
      "missedIngredientCount": 2,
      "missedIngredients": [
        {
          "id": 360,
          "name": "Ingredient 360",
          "amount": 8.48296889908355,
          "unit": "cup",
          "image": "https://example.com/ingredient360.jpg"
        },
        {
          "id": 985,
          "name": "Ingredient 985",
          "amount": 1.9042589469362396,
          "unit": "g",
          "image": "https://example.com/ingredient985.jpg"
        }
      ],
      "usedIngredientCount": 3,
      "usedIngredients": [
        {
          "id": 360,
          "name": "Ingredient 360",
          "amount": 8.48296889908355,
          "unit": "cup",
          "image": "https://example.com/ingredient360.jpg"
        },
        {
          "id": 985,
          "name": "Ingredient 985",
          "amount": 1.9042589469362396,
          "unit": "g",
          "image": "https://example.com/ingredient985.jpg"
        },
        {
          "id": 108,
          "name": "Ingredient 108",
          "amount": 3.6403890715990754,
          "unit": "cup",
          "image": "https://example.com/ingredient108.jpg"
        }
      ],
      "readyInMinutes": 48,
      "vegan": false,
      "vegetarian": false,
      "glutenFree": false,
      "servings": 5
    }
  ]
]


com.cb.recipe.handler.RecipeHandlerTest.givenValidRecipeId_whenGetAnalyzedRecipeInstructions_thenExpectedInstructions=[
  [
    {
      "name": "Instruction Set 88",
      "steps": [
        {
          "number": 1,
          "step": "Step description 4",
          "equipment": [ ],
          "ingredients": [ ]
        },
        {
          "number": 2,
          "step": "Step description 7",
          "length": {
            "number": 21.611449199578143,
            "unit": "minutes"
          },
          "equipment": [ ],
          "ingredients": [
            "Ingredient 64",
            "Ingredient 63"
          ]
        },
        {
          "number": 3,
          "step": "Step description 5",
          "length": {
            "number": 27.41756394766841,
            "unit": "minutes"
          },
          "equipment": [ ],
          "ingredients": [ ]
        },
        {
          "number": 4,
          "step": "Step description 3",
          "equipment": [ ],
          "ingredients": [ ]
        },
        {
          "number": 5,
          "step": "Step description 10",
          "length": {
            "number": 26.069426661179147,
            "unit": "minutes"
          },
          "equipment": [
            {
              "name": "Equipment 5",
              "temperature": {
                "number": 215.989270869342,
                "unit": "Fahrenheit"
              }
            }
          ],
          "ingredients": [ ]
        },
        {
          "number": 6,
          "step": "Step description 6",
          "equipment": [
            {
              "name": "Equipment 75",
              "temperature": {
                "number": 219.49479796024917,
                "unit": "Fahrenheit"
              }
            }
          ],
          "ingredients": [
            "Ingredient 38",
            "Ingredient 78"
          ]
        }
      ]
    }
  ]
]